test_checked_in_and_executed_evidence_are_complete_and_repeatable (test_complete_example.CompleteExampleTest.test_checked_in_and_executed_evidence_are_complete_and_repeatable) ... ok
test_every_named_fault_has_the_expected_fail_closed_state (test_complete_example.CompleteExampleTest.test_every_named_fault_has_the_expected_fail_closed_state) ... ok
test_fault_command_materializes_a_named_fixture (test_complete_example.CompleteExampleTest.test_fault_command_materializes_a_named_fixture) ... ok
test_fault_command_refuses_to_overwrite_declared_lineage_artifact (test_complete_example.CompleteExampleTest.test_fault_command_refuses_to_overwrite_declared_lineage_artifact) ... ERROR: fault output must not overwrite evaluation inputs
ok
test_fault_command_refuses_to_overwrite_source_evidence (test_complete_example.CompleteExampleTest.test_fault_command_refuses_to_overwrite_source_evidence) ... ERROR: fault output must not overwrite evaluation inputs
ERROR: fault output must not overwrite evaluation inputs
ERROR: fault output must not overwrite evaluation inputs
ERROR: fault output must not overwrite evaluation inputs
ERROR: fault output must not overwrite evaluation inputs
ERROR: fault output must use a trials*.jsonl filename
ok
test_fault_command_rejects_redirected_destinations (test_complete_example.CompleteExampleTest.test_fault_command_rejects_redirected_destinations) ... ERROR: fault output must not be a symbolic link
ERROR: fault output must stay within the evaluation project
ok
test_fault_mutations_reject_malformed_evidence_and_specs (test_complete_example.CompleteExampleTest.test_fault_mutations_reject_malformed_evidence_and_specs) ... ok
test_adversarial_lineage_and_numeric_shapes_block_without_crashing (test_complete_surfaces.CompleteSurfaceTest.test_adversarial_lineage_and_numeric_shapes_block_without_crashing) ... ok
test_contract_lineage_is_required_and_hash_bound (test_complete_surfaces.CompleteSurfaceTest.test_contract_lineage_is_required_and_hash_bound) ... ok
test_contract_promises_require_explicit_release_gates (test_complete_surfaces.CompleteSurfaceTest.test_contract_promises_require_explicit_release_gates) ... ok
test_every_specialized_check_family_has_executable_evidence (test_complete_surfaces.CompleteSurfaceTest.test_every_specialized_check_family_has_executable_evidence) ... ok
test_explicitly_incomplete_system_fails_even_when_checkpoints_pass (test_complete_surfaces.CompleteSurfaceTest.test_explicitly_incomplete_system_fails_even_when_checkpoints_pass) ... ok
test_generalized_grader_taxonomy_accepts_new_scopes_and_categories (test_complete_surfaces.CompleteSurfaceTest.test_generalized_grader_taxonomy_accepts_new_scopes_and_categories) ... ok
test_known_good_covers_all_four_surfaces_and_lineage (test_complete_surfaces.CompleteSurfaceTest.test_known_good_covers_all_four_surfaces_and_lineage) ... ok
test_legacy_suite_remains_compatible (test_complete_surfaces.CompleteSurfaceTest.test_legacy_suite_remains_compatible) ... ok
test_malformed_new_contract_fields_block_without_crashing (test_complete_surfaces.CompleteSurfaceTest.test_malformed_new_contract_fields_block_without_crashing) ... ok
test_memory_forget_isolation_staleness_conflict_and_time_fail (test_complete_surfaces.CompleteSurfaceTest.test_memory_forget_isolation_staleness_conflict_and_time_fail) ... ok
test_memory_is_not_required_when_product_does_not_promise_it (test_complete_surfaces.CompleteSurfaceTest.test_memory_is_not_required_when_product_does_not_promise_it) ... ok
test_missing_promised_memory_or_operation_blocks (test_complete_surfaces.CompleteSurfaceTest.test_missing_promised_memory_or_operation_blocks) ... ok
test_reporting_and_inspection_show_surface_evidence (test_complete_surfaces.CompleteSurfaceTest.test_reporting_and_inspection_show_surface_evidence) ... ok
test_schema_versions_must_match_before_evaluation_or_execution (test_complete_surfaces.CompleteSurfaceTest.test_schema_versions_must_match_before_evaluation_or_execution) ... ok
test_silent_system_drop_and_inconsistent_first_failure_block (test_complete_surfaces.CompleteSurfaceTest.test_silent_system_drop_and_inconsistent_first_failure_block) ... ok
test_system_discovery_failure_cannot_be_erased_by_later_success (test_complete_surfaces.CompleteSurfaceTest.test_system_discovery_failure_cannot_be_erased_by_later_success) ... ok
test_system_identity_crosswire_and_wrong_path_fail (test_complete_surfaces.CompleteSurfaceTest.test_system_identity_crosswire_and_wrong_path_fail) ... ok
test_package_and_console_versions_match (test_packaging.PackagingContractTest.test_package_and_console_versions_match) ... ok
test_public_brand_and_plugin_versions_match (test_packaging.PackagingContractTest.test_public_brand_and_plugin_versions_match) ... ok
test_public_cli_contains_the_complete_pm_loop (test_packaging.PackagingContractTest.test_public_cli_contains_the_complete_pm_loop) ... ok
test_versioned_schemas_are_valid_json (test_packaging.PackagingContractTest.test_versioned_schemas_are_valid_json) ... ok
test_array_membership_distinguishes_booleans_from_numbers (test_pm_verifier.PMVerifierTest.test_array_membership_distinguishes_booleans_from_numbers) ... ok
test_calibration_blocks_small_sets_and_rejects_degenerate_judge (test_pm_verifier.PMVerifierTest.test_calibration_blocks_small_sets_and_rejects_degenerate_judge) ... ok
test_calibration_cannot_hide_a_bad_dimension_in_pooled_metrics (test_pm_verifier.PMVerifierTest.test_calibration_cannot_hide_a_bad_dimension_in_pooled_metrics) ... ok
test_calibration_rejects_non_string_judge_id_without_crashing (test_pm_verifier.PMVerifierTest.test_calibration_rejects_non_string_judge_id_without_crashing) ... ok
test_calibration_uses_human_goldens_and_fails_bias (test_pm_verifier.PMVerifierTest.test_calibration_uses_human_goldens_and_fails_bias) ... ok
test_capability_and_regression_suites_apply_different_reliability_rules (test_pm_verifier.PMVerifierTest.test_capability_and_regression_suites_apply_different_reliability_rules) ... ok
test_deterministic_failures_skip_unneeded_model_evidence (test_pm_verifier.PMVerifierTest.test_deterministic_failures_skip_unneeded_model_evidence) ... ok
test_deterministic_only_suite_does_not_require_model_evidence (test_pm_verifier.PMVerifierTest.test_deterministic_only_suite_does_not_require_model_evidence) ... ok
test_duplicate_trial_isolation_blocks (test_pm_verifier.PMVerifierTest.test_duplicate_trial_isolation_blocks) ... ok
test_exact_value_graders_distinguish_booleans_from_numbers (test_pm_verifier.PMVerifierTest.test_exact_value_graders_distinguish_booleans_from_numbers) ... ok
test_failure_slices_and_clusters_are_explainable (test_pm_verifier.PMVerifierTest.test_failure_slices_and_clusters_are_explainable) ... ok
test_fractional_token_counts_and_limits_are_rejected (test_pm_verifier.PMVerifierTest.test_fractional_token_counts_and_limits_are_rejected) ... ok
test_future_schema_versions_block_explicitly (test_pm_verifier.PMVerifierTest.test_future_schema_versions_block_explicitly) ... ok
test_imported_calibration_requires_complete_dimension_counts (test_pm_verifier.PMVerifierTest.test_imported_calibration_requires_complete_dimension_counts) ... ok
test_inherited_adapter_streams_cannot_defeat_timeout (test_pm_verifier.PMVerifierTest.test_inherited_adapter_streams_cannot_defeat_timeout) ... ok
test_inspection_exposes_failure_trace (test_pm_verifier.PMVerifierTest.test_inspection_exposes_failure_trace) ... ok
test_invalid_release_and_calibration_contracts_block (test_pm_verifier.PMVerifierTest.test_invalid_release_and_calibration_contracts_block) ... ok
test_invalid_utf8_json_and_jsonl_block_instead_of_crashing (test_pm_verifier.PMVerifierTest.test_invalid_utf8_json_and_jsonl_block_instead_of_crashing) ... ok
test_known_bad_outcome_gate_fires (test_pm_verifier.PMVerifierTest.test_known_bad_outcome_gate_fires) ... ok
test_known_bad_safety_and_privacy_gates_fire (test_pm_verifier.PMVerifierTest.test_known_bad_safety_and_privacy_gates_fire) ... ok
test_known_bad_trajectory_gate_fires_on_silent_failure (test_pm_verifier.PMVerifierTest.test_known_bad_trajectory_gate_fires_on_silent_failure) ... ok
test_known_good_repeated_trials_pass (test_pm_verifier.PMVerifierTest.test_known_good_repeated_trials_pass) ... ok
test_machine_and_human_reports_state_limitations (test_pm_verifier.PMVerifierTest.test_machine_and_human_reports_state_limitations) ... ok
test_malformed_deterministic_grader_blocks_without_crashing (test_pm_verifier.PMVerifierTest.test_malformed_deterministic_grader_blocks_without_crashing) ... ok
test_malformed_identifiers_block_without_crashing (test_pm_verifier.PMVerifierTest.test_malformed_identifiers_block_without_crashing) ... ok
test_malformed_nested_provenance_blocks_without_crashing (test_pm_verifier.PMVerifierTest.test_malformed_nested_provenance_blocks_without_crashing) ... ok
test_migrated_source_data_hashes_are_preserved (test_pm_verifier.PMVerifierTest.test_migrated_source_data_hashes_are_preserved) ... ok
test_minimum_trials_and_operational_guardrails (test_pm_verifier.PMVerifierTest.test_minimum_trials_and_operational_guardrails) ... ok
test_missing_or_invalid_evidence_blocks_instead_of_passing (test_pm_verifier.PMVerifierTest.test_missing_or_invalid_evidence_blocks_instead_of_passing) ... ok
test_model_gate_is_release_critical (test_pm_verifier.PMVerifierTest.test_model_gate_is_release_critical) ... ok
test_non_finite_adapter_timeout_is_rejected (test_pm_verifier.PMVerifierTest.test_non_finite_adapter_timeout_is_rejected) ... ok
test_non_finite_operational_metrics_block (test_pm_verifier.PMVerifierTest.test_non_finite_operational_metrics_block) ... ok
test_non_gating_trajectory_check_is_diagnostic (test_pm_verifier.PMVerifierTest.test_non_gating_trajectory_check_is_diagnostic) ... ok
test_nonstandard_numeric_constants_block_at_json_boundaries (test_pm_verifier.PMVerifierTest.test_nonstandard_numeric_constants_block_at_json_boundaries) ... ok
test_oversized_numeric_evidence_blocks_without_crashing (test_pm_verifier.PMVerifierTest.test_oversized_numeric_evidence_blocks_without_crashing) ... ok
test_pairwise_bias_rejects_duplicate_pair_ids (test_pm_verifier.PMVerifierTest.test_pairwise_bias_rejects_duplicate_pair_ids) ... ok
test_pairwise_bias_rejects_unhashable_choices_without_crashing (test_pm_verifier.PMVerifierTest.test_pairwise_bias_rejects_unhashable_choices_without_crashing) ... ok
test_provenance_mismatch_blocks (test_pm_verifier.PMVerifierTest.test_provenance_mismatch_blocks) ... ok
test_results_are_reproducible_and_reports_redact_secrets (test_pm_verifier.PMVerifierTest.test_results_are_reproducible_and_reports_redact_secrets) ... ok
test_stdio_adapter_failure_becomes_blocked_evidence (test_pm_verifier.PMVerifierTest.test_stdio_adapter_failure_becomes_blocked_evidence) ... ok
test_stdio_adapter_input_and_stderr_are_bounded (test_pm_verifier.PMVerifierTest.test_stdio_adapter_input_and_stderr_are_bounded) ... ok
test_stdio_adapter_output_is_bounded_while_the_process_runs (test_pm_verifier.PMVerifierTest.test_stdio_adapter_output_is_bounded_while_the_process_runs) ... ok
test_stdio_adapter_runs_fresh_trials_without_expected_answers (test_pm_verifier.PMVerifierTest.test_stdio_adapter_runs_fresh_trials_without_expected_answers) ... ok
test_stdio_adapter_timeout_becomes_blocked_evidence (test_pm_verifier.PMVerifierTest.test_stdio_adapter_timeout_becomes_blocked_evidence) ... ok
test_stored_trials_and_judgments_are_bound_to_candidate_run (test_pm_verifier.PMVerifierTest.test_stored_trials_and_judgments_are_bound_to_candidate_run) ... ok
test_swapped_order_bias_analysis (test_pm_verifier.PMVerifierTest.test_swapped_order_bias_analysis) ... ok
test_trajectory_indexes_must_be_ordered_and_contiguous (test_pm_verifier.PMVerifierTest.test_trajectory_indexes_must_be_ordered_and_contiguous) ... ok
test_typed_array_member_mismatch_fails_the_release_gate (test_pm_verifier.PMVerifierTest.test_typed_array_member_mismatch_fails_the_release_gate) ... ok
test_unhashable_enum_fields_block_without_crashing (test_pm_verifier.PMVerifierTest.test_unhashable_enum_fields_block_without_crashing) ... ok
test_bind_invalidates_stale_synthetic_evidence_without_relabeling (test_repository_pilot.RepositoryPilotTest.test_bind_invalidates_stale_synthetic_evidence_without_relabeling) ... ok
test_bind_is_idempotent_and_produces_a_valid_runtime_project (test_repository_pilot.RepositoryPilotTest.test_bind_is_idempotent_and_produces_a_valid_runtime_project) ... ok
test_bind_rejects_a_managed_path_that_aliases_pilot_config (test_repository_pilot.RepositoryPilotTest.test_bind_rejects_a_managed_path_that_aliases_pilot_config) ... ok
test_bind_rejects_a_referenced_case_without_its_fr_ac_relationship (test_repository_pilot.RepositoryPilotTest.test_bind_rejects_a_referenced_case_without_its_fr_ac_relationship) ... ok
test_bind_rejects_candidate_aliases_before_writing (test_repository_pilot.RepositoryPilotTest.test_bind_rejects_candidate_aliases_before_writing) ... ok
test_bind_rejects_hardlinked_managed_paths_before_writing (test_repository_pilot.RepositoryPilotTest.test_bind_rejects_hardlinked_managed_paths_before_writing) ... ok
test_bind_rejects_managed_path_aliases_before_writing (test_repository_pilot.RepositoryPilotTest.test_bind_rejects_managed_path_aliases_before_writing) ... ok
test_bind_rejects_swapped_acceptance_relationships (test_repository_pilot.RepositoryPilotTest.test_bind_rejects_swapped_acceptance_relationships) ... ok
test_bind_rejects_unapproved_or_ambiguous_product_intent (test_repository_pilot.RepositoryPilotTest.test_bind_rejects_unapproved_or_ambiguous_product_intent) ... ok
test_candidate_and_adapter_can_live_in_different_repository_paths (test_repository_pilot.RepositoryPilotTest.test_candidate_and_adapter_can_live_in_different_repository_paths) ... ok
test_candidate_paths_must_stay_inside_the_selected_repository (test_repository_pilot.RepositoryPilotTest.test_candidate_paths_must_stay_inside_the_selected_repository) ... ok
test_ci_example_runs_chain_verification_before_execution (test_repository_pilot.RepositoryPilotTest.test_ci_example_runs_chain_verification_before_execution) ... ok
test_create_copies_only_the_customer_support_pilot_and_never_overwrites (test_repository_pilot.RepositoryPilotTest.test_create_copies_only_the_customer_support_pilot_and_never_overwrites) ... ok
test_harness_owned_paths_cannot_be_reconfigured (test_repository_pilot.RepositoryPilotTest.test_harness_owned_paths_cannot_be_reconfigured) ... ok
test_legacy_approval_is_also_explicitly_unverified (test_repository_pilot.RepositoryPilotTest.test_legacy_approval_is_also_explicitly_unverified) ... ok
test_pdc_approved_intent_tampering_invalidates_bound_evidence (test_repository_pilot.RepositoryPilotTest.test_pdc_approved_intent_tampering_invalidates_bound_evidence) ... ok
test_pdc_bad_shape_fails_before_any_binding_write (test_repository_pilot.RepositoryPilotTest.test_pdc_bad_shape_fails_before_any_binding_write) ... ok
test_pdc_bind_preserves_source_identity_and_standalone_evaluation (test_repository_pilot.RepositoryPilotTest.test_pdc_bind_preserves_source_identity_and_standalone_evaluation) ... ok
test_pdc_gate_refs_are_optional_but_must_name_existing_criteria (test_repository_pilot.RepositoryPilotTest.test_pdc_gate_refs_are_optional_but_must_name_existing_criteria) ... ok
test_pdc_loader_rejects_duplicate_approval_keys (test_repository_pilot.RepositoryPilotTest.test_pdc_loader_rejects_duplicate_approval_keys) ... ok
test_pdc_provenance_is_explicitly_unverified_even_for_fabricated_claims (test_repository_pilot.RepositoryPilotTest.test_pdc_provenance_is_explicitly_unverified_even_for_fabricated_claims) ... ok
test_pdc_rejects_malformed_source_digest_before_any_write (test_repository_pilot.RepositoryPilotTest.test_pdc_rejects_malformed_source_digest_before_any_write) ... ok
test_pdc_rejects_missing_required_fields_and_malformed_shapes (test_repository_pilot.RepositoryPilotTest.test_pdc_rejects_missing_required_fields_and_malformed_shapes) ... ok
test_pdc_verification_labels_cannot_be_promoted_or_type_aliased (test_repository_pilot.RepositoryPilotTest.test_pdc_verification_labels_cannot_be_promoted_or_type_aliased) ... ok
test_real_pmos_pdc_v1_maps_exact_source_ids (test_repository_pilot.RepositoryPilotTest.test_real_pmos_pdc_v1_maps_exact_source_ids) ... ok
test_verify_rejects_semantic_trial_tampering_with_preserved_run_ids (test_repository_pilot.RepositoryPilotTest.test_verify_rejects_semantic_trial_tampering_with_preserved_run_ids) ... ok
test_verify_rejects_tampering_at_every_bound_boundary (test_repository_pilot.RepositoryPilotTest.test_verify_rejects_tampering_at_every_bound_boundary) ... ok
test_verify_requires_complete_case_and_grader_traceability (test_repository_pilot.RepositoryPilotTest.test_verify_requires_complete_case_and_grader_traceability) ... ok

----------------------------------------------------------------------
Ran 105 tests in 3.657s

OK
fault: system-identity-fail -> /tmp/tmpwf698srp/complete-eval/trials-fault-cli.jsonl
fault: system-identity-fail -> /tmp/tmpwf698srp/complete-eval/trials-fault-cli.jsonl
